items:
  - name: widgets-umbrella
    basename: 260910120000-widgets-umbrella
    path: <root>/github.com/acme/widgets/260910120000-widgets-umbrella.md
    repo: acme/widgets
    title: Widgets umbrella
    Type: plan
    Parent: ~/.claude/plans/widgets-recipe.md
    ImplementationStatus: InProgress
    StatusChecked: "2026-09-29"
    StatusNote: Umbrella for the widgets recipe effort.
  - name: widgets-legacy
    basename: 260915120000-widgets-legacy
    path: <root>/github.com/acme/widgets/260915120000-widgets-legacy.md
    repo: acme/widgets
    title: Widgets legacy plan
    front_matter_error: no front matter
