{
    "name": "widgets-umbrella",
    "basename": "260910120000-widgets-umbrella",
    "path": "<root>/github.com/acme/widgets/260910120000-widgets-umbrella.md",
    "repo": "acme/widgets",
    "title": "Widgets umbrella",
    "Type": "plan",
    "Parent": "~/.claude/plans/widgets-recipe.md",
    "ImplementationStatus": "InProgress",
    "StatusChecked": "2026-09-29",
    "StatusNote": "Umbrella for the widgets recipe effort."
}
