NAME                       REPO           STATUS        AGE   TITLE
gadgets-cross-child        acme/gadgets   InProgress    0d    Gadgets cross child
shared-name                acme/gadgets   Implemented   19d   Shared name in gadgets
gadgets-ambiguous-parent   acme/gadgets   InProgress    0d    Gadgets ambiguous parent
