NAME                          REPO           STATUS           CHECKED   TITLE                          TYPE     PATH                                                                          NOTE
loose-plan                    -              InProgress       28d!      Loose plan                     plan     <root>/260901090000-loose-plan.md                                            Loose plan directly under the root.
gadgets-cross-child           acme/gadgets   InProgress       0d        Gadgets cross child            plan     <root>/github.com/acme/gadgets/260905120000-gadgets-cross-child.md           A child filed in another repository.
shared-name                   acme/gadgets   Implemented      19d       Shared name in gadgets         plan     <root>/github.com/acme/gadgets/260906120000-shared-name.md                   One of two plans sharing a basename.
gadgets-ambiguous-parent      acme/gadgets   InProgress       0d        Gadgets ambiguous parent       plan     <root>/github.com/acme/gadgets/260907120000-gadgets-ambiguous-parent.md      Parent basename exists twice.
shared-name                   acme/gizmos    Implemented      19d       Shared name in gizmos          plan     <root>/github.com/acme/gizmos/260906120000-shared-name.md                    The other plan sharing a basename.
widgets-done-umbrella         acme/widgets   Implemented      14d       Widgets done umbrella          plan     <root>/github.com/acme/widgets/260908120000-widgets-done-umbrella.md         Umbrella finished; one child is still open.
widgets-done-umbrella-child   acme/widgets   InProgress       2d        Widgets done umbrella child    plan     <root>/github.com/acme/widgets/260909120000-widgets-done-umbrella-child.md   Still open under a finished umbrella.
widgets-umbrella              acme/widgets   InProgress       0d        Widgets umbrella               plan     <root>/github.com/acme/widgets/260910120000-widgets-umbrella.md              Umbrella for the widgets recipe effort.
widgets-child-done            acme/widgets   Implemented      9d        Widgets child done             plan     <root>/github.com/acme/widgets/260911120000-widgets-child-done.md            Merged in PR #1.
widgets-child-active          acme/widgets   NotImplemented   9d!       Widgets child active           plan     <root>/github.com/acme/widgets/260912120000-widgets-child-active.md          Waiting on the umbrella decision.
widgets-crlf                  acme/widgets   InProgress       1d        Widgets CRLF plan              plan     <root>/github.com/acme/widgets/260913120000-widgets-crlf.md                  Written on Windows.
widgets-no-h1                 acme/widgets   NotImplemented   0d        widgets-no-h1                  plan     <root>/github.com/acme/widgets/260914120000-widgets-no-h1.md                 No heading in this file.
widgets-legacy                acme/widgets   -                -         Widgets legacy plan            -        <root>/github.com/acme/widgets/260915120000-widgets-legacy.md                -
widgets-dup-a                 acme/widgets   Implemented      19d       Widgets duplicate title        plan     <root>/github.com/acme/widgets/260916120000-widgets-dup-a.md                 First of two plans with one title.
widgets-dup-b                 acme/widgets   Implemented      19d       Widgets duplicate title        plan     <root>/github.com/acme/widgets/260917120000-widgets-dup-b.md                 Second of two plans with one title.
widgets-links                 acme/widgets   InProgress       0d        Widgets links                  plan     <root>/github.com/acme/widgets/260918120000-widgets-links.md                 Exercises every link rule.
widgets-bad-yaml              acme/widgets   -                -         Widgets bad YAML               -        <root>/github.com/acme/widgets/260919120000-widgets-bad-yaml.md              -
widgets-no-close              acme/widgets   -                -         Widgets no closing delimiter   -        <root>/github.com/acme/widgets/260920120000-widgets-no-close.md              -
widgets-missing-fields        acme/widgets   -                ?d        Widgets missing fields         plan     <root>/github.com/acme/widgets/260921120000-widgets-missing-fields.md        -
widgets-unknown-status        acme/widgets   done             ?d        Widgets unknown status         plan     <root>/github.com/acme/widgets/260922120000-widgets-unknown-status.md        Status and date are both wrong.
widgets-cycle-a               acme/widgets   InProgress       0d        Widgets cycle A                plan     <root>/github.com/acme/widgets/260923120000-widgets-cycle-a.md               First half of a cycle.
widgets-cycle-b               acme/widgets   InProgress       0d        Widgets cycle B                plan     <root>/github.com/acme/widgets/260924120000-widgets-cycle-b.md               Second half of a cycle.
widgets-parent-missing        acme/widgets   InProgress       0d        Widgets parent missing         plan     <root>/github.com/acme/widgets/260925120000-widgets-parent-missing.md        Parent was renamed.
widgets-parent-path-missing   acme/widgets   InProgress       0d        Widgets parent path missing    plan     <root>/github.com/acme/widgets/260926120000-widgets-parent-path-missing.md   Parent path was deleted.
widgets-url-parent            acme/widgets   InProgress       0d        Widgets URL parent             plan     <root>/github.com/acme/widgets/260927120000-widgets-url-parent.md            Tracked by an issue.
widgets-design                acme/widgets   InProgress       0d        Widgets design                 design   <root>/github.com/acme/widgets/260928120000-widgets-design.md                A design document rather than a plan.
widgets-bare-parent           acme/widgets   InProgress       0d        Widgets bare parent            plan     <root>/github.com/acme/widgets/260929120000-widgets-bare-parent.md           Parent written without brackets.
widgets-relative-parent       acme/widgets   InProgress       0d        Widgets relative parent        plan     <root>/github.com/acme/widgets/260930120000-widgets-relative-parent.md       Parent lives outside the root.
widgets-child-of-legacy       acme/widgets   InProgress       0d        Widgets child of legacy        plan     <root>/github.com/acme/widgets/260931120000-widgets-child-of-legacy.md       Parent has no front matter.
widgets-links-fields          acme/widgets   Implemented      9d        Widgets links fields           plan     <root>/github.com/acme/widgets/260932120000-widgets-links-fields.md          Merged in PR #12 and gadgets PR #3.
widgets-bad-links             acme/widgets   Superseded       0d        Widgets bad links              plan     <root>/github.com/acme/widgets/260933120000-widgets-bad-links.md             Superseded by [[260101000000-missing-plan]]; see [notes](~/.claude/plans/widgets-recipe.md).
widgets-superseded            acme/widgets   Superseded       0d        Widgets superseded             plan     <root>/github.com/acme/widgets/260934120000-widgets-superseded.md            Folded into the umbrella.
widgets-successor-missing     acme/widgets   Superseded       0d        Widgets successor missing      plan     <root>/github.com/acme/widgets/260935120000-widgets-successor-missing.md     Successor was renamed.
legacy-name                   acme/widgets   -                -         Legacy name                    -        <root>/github.com/acme/widgets/legacy-name.md                                -
