NAME                                                                        REPO           STATUS              AGE    TITLE
../../../../external/umbrella-notes.md                                      -              External            -      not a dum...
└── widgets-relative-parent                                                 acme/widgets   InProgress          0d     Widgets r...
https://github.com/acme/widgets/issues/7                                    -              External            -      not a dum...
└── widgets-url-parent                                                      acme/widgets   InProgress          0d     Widgets U...
~/.claude/plans/missing.md                                                  -              External            -      not a dum...
└── widgets-parent-path-missing                                             acme/widgets   InProgress          0d     Widgets p...
~/.claude/plans/widgets-recipe.md                                           -              External            -      not a dum...
└── widgets-umbrella                                                        acme/widgets   InProgress          0d     Widgets u...
    ├── gadgets-cross-child                                                 acme/gadgets   InProgress          0d     Gadgets c...
    └── widgets-child-active                                                               NotImplemented      9d!    Widgets c...
loose-plan                                                                  -              InProgress          28d!   Loose plan
gadgets-ambiguous-parent (parent not found: [[260906120000-shared-name]])   acme/gadgets   InProgress          0d     Gadgets a...
widgets-done-umbrella                                                       acme/widgets   Implemented         14d    Widgets d...
└── widgets-done-umbrella-child                                                            InProgress          2d     Widgets d...
widgets-crlf                                                                acme/widgets   InProgress          1d     Widgets C...
widgets-no-h1                                                               acme/widgets   NotImplemented      0d     widgets-n...
widgets-legacy                                                              acme/widgets   -                   -      Widgets l...
└── widgets-child-of-legacy                                                                InProgress          0d     Widgets c...
widgets-links                                                               acme/widgets   InProgress          0d     Widgets l...
widgets-missing-fields                                                      acme/widgets   -                   ?d     Widgets m...
widgets-unknown-status                                                      acme/widgets   done                ?d     Widgets u...
widgets-cycle-a (parent cycle)                                              acme/widgets   InProgress          0d     Widgets c...
widgets-cycle-b (parent cycle)                                              acme/widgets   InProgress          0d     Widgets c...
widgets-parent-missing (parent not found: [[260199000000-nope]])            acme/widgets   InProgress          0d     Widgets p...
widgets-design                                                              acme/widgets   InProgress design   0d     Widgets d...
widgets-bare-parent (parent not found: 260910120000-widgets-umbrella)       acme/widgets   InProgress          0d     Widgets b...
